// Jest Snapshot v1, https://goo.gl/fbAQLP

exports[`src/components/forms/ForgotPasswordRecoveryCode render 1`] = `
<form
  onSubmit={[Function]}
>
  <Field
    component={[Function]}
    inputProps={
      Object {
        "label": "RECOVERY CODE",
        "placeholder": "Enter recovery code",
      }
    }
    name="code"
  />
  <Button
    className=""
    disabled={false}
    onClick={null}
    to=""
    type="submit"
    variant="red"
  >
    Next
  </Button>
</form>
`;
