// Jest Snapshot v1, https://goo.gl/fbAQLP

exports[`src/components/forms/TmoneyActivate render 1`] = `
<form
  onSubmit={[Function]}
>
  <Field
    component={[Function]}
    inputProps={
      Object {
        "autoFocus": true,
        "label": "NEW PASSWORD",
        "placeholder": "Create a new password",
      }
    }
    name="password"
  />
  <Button
    className=""
    disabled={false}
    onClick={null}
    to=""
    type="submit"
    variant="red"
  >
    Next
  </Button>
</form>
`;
