// Jest Snapshot v1, https://goo.gl/fbAQLP

exports[`src/pages/SendFeedback render 1`] = `
<WhiteCardPlain
  back="/profile"
  close=""
  help={false}
  icon=""
  size="large"
  subtitle="Have any critiques or suggestions
  about our service or the app? We'd love to hear from you!"
  title="Send Feedback"
>
  <ReduxForm
    destroyOnUnmount={true}
    enableReinitialize={false}
    forceUnregisterOnUnmount={false}
    form="sendFeedback"
    getFormState={[Function]}
    initialValues={
      Object {
        "message": "",
        "topicId": "",
      }
    }
    keepDirtyOnReinitialize={false}
    onSubmit={[Function]}
    persistentSubmitErrors={false}
    pure={true}
    shouldAsyncValidate={[Function]}
    shouldError={[Function]}
    shouldValidate={[Function]}
    shouldWarn={[Function]}
    submitAsSideEffect={false}
    touchOnBlur={true}
    touchOnChange={false}
    updateUnregisteredFields={false}
    validate={[Function]}
  />
</WhiteCardPlain>
`;
